[brokenw1nter.github.io/index.html]
[backblue.gif]
[fade.gif]
[index.html]
[brokenw1nter.github.io/files/css/main.css]
[brokenw1nter.github.io/files/css/bootstrap.min.css]
[brokenw1nter.github.io/files/css/vendor.css]
[brokenw1nter.github.io/files/css/theme_black_red.css]
[brokenw1nter.github.io/files/css/div.css]
[brokenw1nter.github.io/files/js/vendor/modernizr-2.8.3.min.js]
[brokenw1nter.github.io/files/js/vendor/html5shiv.min.js]
[brokenw1nter.github.io/favicon.ico]
[brokenw1nter.github.io/files/js/title.js]
[brokenw1nter.github.io/files/slice.mp3]
[brokenw1nter.github.io/files/silence.mp3]
[brokenw1nter.github.io/files/broken.mp3]
[brokenw1nter.github.io/files/vid_fade.mp4]
[brokenw1nter.github.io/files/js/vendor/jquery-2.1.4.min.js]
[brokenw1nter.github.io/files/js/vendor/bootstrap.min.js]
[brokenw1nter.github.io/files/js/vendor/plugin.js]
[brokenw1nter.github.io/files/js/variable.js]
[brokenw1nter.github.io/files/js/main.js]
[brokenw1nter.github.io/index.html]
[brokenw1nter.github.io/KawaiiClub/index.html]
[brokenw1nter.github.io/files/css/font-awesome.min.html]
[brokenw1nter.github.io/KawaiiHook/index.html]
[brokenw1nter.github.io/files/css/ani1030.cur]
[brokenw1nter.github.io/files/css/main.css]
[brokenw1nter.github.io/files/fonts/glyphicons-halflings-regular.eot.html]
[brokenw1nter.github.io/files/fonts/glyphicons-halflings-regulard41dd41d.eot@.html]
[brokenw1nter.github.io/files/fonts/glyphicons-halflings-regular.html]
[brokenw1nter.github.io/files/fonts/glyphicons-halflings-regular.woff.html]
[brokenw1nter.github.io/files/fonts/glyphicons-halflings-regular-2.html]
[brokenw1nter.github.io/files/css/bootstrap.min.css]
[brokenw1nter.github.io/files/fonts/glyphicons-halflings-regular.svg.html]
[brokenw1nter.github.io/files/css/vendor.css]
[brokenw1nter.github.io/s4mur41.pw/assets/img/bg/site-bg-img.html]
[brokenw1nter.github.io/s4mur41.pw/assets/img/bg/newsletter.html]
[brokenw1nter.github.io/files/css/theme_black_red.css]
[brokenw1nter.github.io/files/css/div.css]
[brokenw1nter.github.io/KawaiiClub/style.css]
[brokenw1nter.github.io/KawaiiClub/main.js]
[brokenw1nter.github.io/KawaiiClub/click.js]
[brokenw1nter.github.io/KawaiiClub/favicon.ico]
[brokenw1nter.github.io/KawaiiClub/Gucci.wav]
[brokenw1nter.github.io/KawaiiClub/login/index.html]
[brokenw1nter.github.io/KawaiiClub/index.html]
[brokenw1nter.github.io/KawaiiHook/CSS/style969e.css]
[brokenw1nter.github.io/KawaiiHook/CSS/glitch9ffd.css]
[brokenw1nter.github.io/KawaiiHook/favicon.ico]
[brokenw1nter.github.io/KawaiiHook/CSS/tipso.min.css]
[ajax.googleapis.com/ajax/libs/jquery/3.1.1/jquery.min.js]
[ajax.aspnetcdn.com/ajax/jQuery/jquery-3.1.1.min.js]
[brokenw1nter.github.io/KawaiiHook/Javascript/title.js]
[brokenw1nter.github.io/KawaiiHook/Javascript/pubnub.4.0.8.min.js]
[ajax.googleapis.com/ajax/libs/jquery/2.0.2/jquery.min.js]
[brokenw1nter.github.io/KawaiiHook/Javascript/tipso.min.js]
[brokenw1nter.github.io/KawaiiHook/Javascript/jQuery.min.js]
[brokenw1nter.github.io/KawaiiHook/Javascript/video.mindc2e.js]
[brokenw1nter.github.io/KawaiiHook/KawaiiHook.m4v]
[brokenw1nter.github.io/KawaiiHook/index.html]
[brokenw1nter.github.io/files/css/assets/images/logo.png]
[brokenw1nter.github.io/files/css/index.html]
[cdn.ampproject.org/v0.js]
[cdn.ampproject.org/v0/amp-analytics-0.1.js]
[brokenw1nter.github.io/files/css/assets/images/logo-blue-1033x329.png]
[brokenw1nter.github.io/files/css/font-awesome.min.html]
[brokenw1nter.github.io/files/fonts/assets/images/logo.png]
[brokenw1nter.github.io/files/fonts/index.html]
[brokenw1nter.github.io/files/fonts/assets/images/logo-blue-1033x329.png]
[brokenw1nter.github.io/files/fonts/glyphicons-halflings-regular.eot.html]
[brokenw1nter.github.io/files/fonts/glyphicons-halflings-regulard41dd41d.eot@.html]
[brokenw1nter.github.io/files/fonts/glyphicons-halflings-regular.html]
[brokenw1nter.github.io/files/fonts/glyphicons-halflings-regular.woff.html]
[brokenw1nter.github.io/files/fonts/glyphicons-halflings-regular-2.html]
[brokenw1nter.github.io/files/fonts/glyphicons-halflings-regular.svg.html]
[brokenw1nter.github.io/s4mur41.pw/assets/img/bg/site-bg-img.html]
[brokenw1nter.github.io/s4mur41.pw/assets/img/bg/newsletter.html]
[brokenw1nter.github.io/KawaiiClub/wn20.png]
[brokenw1nter.github.io/KawaiiClub/style.css]
[brokenw1nter.github.io/KawaiiClub/wn40.png]
[brokenw1nter.github.io/KawaiiClub/login/style.css]
[brokenw1nter.github.io/KawaiiClub/login/favicon.ico]
[brokenw1nter.github.io/KawaiiClub/login/song.wav]
[brokenw1nter.github.io/KawaiiClub/home/index.html]
[brokenw1nter.github.io/KawaiiClub/login/index.html]
[brokenw1nter.github.io/KawaiiHook/CSS/style969e.css]
[brokenw1nter.github.io/KawaiiHook/CSS/glitch9ffd.css]
[brokenw1nter.github.io/KawaiiHook/CSS/tipso.min.css]
[brokenw1nter.github.io/files/css/assets/images/logo.html]
[brokenw1nter.github.io/files/css/index.html]
[brokenw1nter.github.io/files/css/assets/images/logo-blue-1033x329.html]
[brokenw1nter.github.io/files/fonts/assets/images/logo.html]
[brokenw1nter.github.io/files/fonts/index.html]
[brokenw1nter.github.io/files/fonts/assets/images/logo-blue-1033x329.html]
[brokenw1nter.github.io/KawaiiClub/login/bgg.jpg]
[brokenw1nter.github.io/KawaiiClub/login/style.css]
[brokenw1nter.github.io/KawaiiClub/home/style.css]
[brokenw1nter.github.io/KawaiiClub/home/main.js]
[brokenw1nter.github.io/KawaiiClub/home/click.js]
[brokenw1nter.github.io/KawaiiClub/home/favicon.ico]
[brokenw1nter.github.io/KawaiiClub/home/Anaconda.wav]
[brokenw1nter.github.io/KawaiiClub/home/index.html]
[brokenw1nter.github.io/KawaiiClub/home/wn20.png]
[brokenw1nter.github.io/KawaiiClub/home/wn40.png]
[brokenw1nter.github.io/KawaiiClub/home/style.css]
